// Jest Snapshot v1, https://goo.gl/fbAQLP

exports[`Changes renders correctly 1`] = `
<div
  data-test="change"
>
  <MyInput
    label="Change"
    name="text"
    onChange={[Function]}
    placeholder="describe your change"
    textarea={true}
    type="text"
    value=""
  >
    <styled.div>
      <div
        className="sc-bdVaJa bPGLpq"
      >
        <styled.label
          for="text"
        >
          <label
            className="sc-bwzfXH hgqFEP"
          >
            Change
          </label>
        </styled.label>
        <styled.textarea
          name="text"
          onChange={[Function]}
          placeholder="describe your change"
          type="text"
          value=""
        >
          <textarea
            className="sc-ifAKCX cCIwth"
            name="text"
            onChange={[Function]}
            placeholder="describe your change"
            type="text"
            value=""
          />
        </styled.textarea>
      </div>
    </styled.div>
  </MyInput>
  <Button
    as="button"
    color="teal"
    onClick={[Function]}
  >
    <button
      className="ui teal button"
      onClick={[Function]}
      role="button"
    >
      Add
    </button>
  </Button>
  <CommentGroup>
    <div
      className="ui comments"
    >
      <Comment
        key="1234"
      >
        <div
          className="comment"
        >
          <CommentContent>
            <div
              className="content"
            >
              <CommentAuthor
                as={[Function]}
              >
                <styled.div
                  className="author"
                >
                  <div
                    className="author sc-EHOje iOWvOn"
                  >
                    Hello World
                  </div>
                </styled.div>
              </CommentAuthor>
              <CommentMetadata>
                <div
                  className="metadata"
                >
                  <div>
                    2018-1-21 21:45:06
                  </div>
                </div>
              </CommentMetadata>
              <CommentText>
                <div
                  className="text"
                >
                  MyChange
                </div>
              </CommentText>
              <CommentActions>
                <div
                  className="actions"
                >
                  <CommentAction
                    as="a"
                  >
                    <a
                      className=""
                    >
                      Maybe Change
                    </a>
                  </CommentAction>
                </div>
              </CommentActions>
            </div>
          </CommentContent>
        </div>
      </Comment>
      <Comment
        key="5678"
      >
        <div
          className="comment"
        >
          <CommentContent>
            <div
              className="content"
            >
              <CommentAuthor
                as={[Function]}
              >
                <styled.div
                  className="author"
                >
                  <div
                    className="author sc-EHOje iOWvOn"
                  >
                    Hello World
                  </div>
                </styled.div>
              </CommentAuthor>
              <CommentMetadata>
                <div
                  className="metadata"
                >
                  <div>
                    2018-1-21 21:45:06
                  </div>
                </div>
              </CommentMetadata>
              <CommentText>
                <div
                  className="text"
                >
                  MyOtherChange
                </div>
              </CommentText>
              <CommentActions>
                <div
                  className="actions"
                >
                  <CommentAction
                    as="a"
                  >
                    <a
                      className=""
                    >
                      Maybe Change
                    </a>
                  </CommentAction>
                </div>
              </CommentActions>
            </div>
          </CommentContent>
        </div>
      </Comment>
    </div>
  </CommentGroup>
</div>
`;
