// Jest Snapshot v1, https://goo.gl/fbAQLP

exports[`Changes renders correctly 1`] = `
<div
  data-testid="change"
  class="ui comments"
>
  <div
    class="comment"
  >
    <div
      class="content"
    >
      <div
        class="author sc-bdVaJa bSrzPW"
      >
        Hello World
      </div>
      <div
        class="metadata"
      >
        <div>
          2018-1-21 20:45:06
        </div>
      </div>
      <div
        class="text"
      >
        MyChange
      </div>
      <div
        class="actions"
      >
        <a
          class=""
        >
          Maybe Change
        </a>
      </div>
    </div>
  </div>
  <div
    class="comment"
  >
    <div
      class="content"
    >
      <div
        class="author sc-bdVaJa bSrzPW"
      >
        Hello World
      </div>
      <div
        class="metadata"
      >
        <div>
          2018-1-21 20:45:06
        </div>
      </div>
      <div
        class="text"
      >
        MyOtherChange
      </div>
      <div
        class="actions"
      >
        <a
          class=""
        >
          Maybe Change
        </a>
      </div>
    </div>
  </div>
</div>
`;

exports[`Changes renders correctly 2`] = `
<form
  data-testid="newChange"
  class="ui form"
>
  <div
    class="field"
  >
    <label>
      Change
    </label>
    <textarea
      name="text"
      placeholder="describe your change"
      type="text"
      rows="3"
      style="resize: none; height: auto;"
    />
  </div>
  <button
    class="ui teal button"
    role="button"
  >
    Add
  </button>
</form>
`;

exports[`Changes renders err 1`] = `
<div
  data-testid="error"
>
  Error!: 
  {"graphQLErrors":[],"networkError":{"type":"WriteError"},"message":"Network error: Error writing result to store for query:\\n query changes($projectId: ID!) {\\n  changes(projectId: $projectId) {\\n    id\\n    createdAt\\n    text\\n    author {\\n      id\\n      name\\n    }\\n  }\\n}\\n\\nCannot read property 'changes' of null"}
</div>
`;
