// Jest Snapshot v1, https://goo.gl/fbAQLP

exports[`Profile renders correctly 1`] = `
Array [
  <Message
    data-test="profile"
>
    <div
        className="ui message"
        data-test="profile"
    >
        <p>
            Name: 
            name
        </p>
        <p>
            E-Mail: 
            email
        </p>
        <Button
            as="button"
            color="teal"
            fluid={true}
            onClick={[Function]}
            size="large"
        >
            <button
                className="ui teal large fluid button"
                onClick={[Function]}
                role="button"
            >
                LogOut
            </button>
        </Button>
    </div>
</Message>,
  <div
    className="ui message"
    data-test="profile"
>
    <p>
        Name: 
        name
    </p>
    <p>
        E-Mail: 
        email
    </p>
    <Button
        as="button"
        color="teal"
        fluid={true}
        onClick={[Function]}
        size="large"
    >
        <button
            className="ui teal large fluid button"
            onClick={[Function]}
            role="button"
        >
            LogOut
        </button>
    </Button>
</div>,
]
`;
