// Jest Snapshot v1, https://goo.gl/fbAQLP

exports[`Projects renders correctly 1`] = `
Array [
  <styled.ul
    data-test="projects"
>
    <ul
        className="sc-bwzfXH bcbJmK"
        data-test="projects"
    >
        <li
            key="1234"
        >
            <Styled(Link)
                to="/project/1234"
            >
                <Link
                    className="sc-htpNat iELaDV"
                    replace={false}
                    to="/project/1234"
                >
                    <a
                        className="sc-htpNat iELaDV"
                        href="/project/1234"
                        onClick={[Function]}
                    >
                        Hello World
                    </a>
                </Link>
            </Styled(Link)>
        </li>
        <li
            key="5678"
        >
            <Styled(Link)
                to="/project/5678"
            >
                <Link
                    className="sc-htpNat iELaDV"
                    replace={false}
                    to="/project/5678"
                >
                    <a
                        className="sc-htpNat iELaDV"
                        href="/project/5678"
                        onClick={[Function]}
                    >
                        Hello World
                    </a>
                </Link>
            </Styled(Link)>
        </li>
    </ul>
</styled.ul>,
  <ul
    className="sc-bwzfXH bcbJmK"
    data-test="projects"
>
    <li
        key="1234"
    >
        <Styled(Link)
            to="/project/1234"
        >
            <Link
                className="sc-htpNat iELaDV"
                replace={false}
                to="/project/1234"
            >
                <a
                    className="sc-htpNat iELaDV"
                    href="/project/1234"
                    onClick={[Function]}
                >
                    Hello World
                </a>
            </Link>
        </Styled(Link)>
    </li>
    <li
        key="5678"
    >
        <Styled(Link)
            to="/project/5678"
        >
            <Link
                className="sc-htpNat iELaDV"
                replace={false}
                to="/project/5678"
            >
                <a
                    className="sc-htpNat iELaDV"
                    href="/project/5678"
                    onClick={[Function]}
                >
                    Hello World
                </a>
            </Link>
        </Styled(Link)>
    </li>
</ul>,
]
`;

exports[`Projects renders correctly 2`] = `
Array [
  <Form
    as="form"
    data-test="newProject"
>
    <form
        className="ui form"
        data-test="newProject"
        onSubmit={[Function]}
    >
        <FormInput
            as={[Function]}
            control={[Function]}
            label="New project name"
            name="name"
            onChange={[Function]}
            placeholder="awesome project"
            type="text"
            value=""
        >
            <FormField
                control={[Function]}
                label="New project name"
                name="name"
                onChange={[Function]}
                placeholder="awesome project"
                type="text"
                value=""
            >
                <div
                    className="field"
                >
                    <label>
                        New project name
                    </label>
                    <Input
                        name="name"
                        onChange={[Function]}
                        placeholder="awesome project"
                        type="text"
                        value=""
                    >
                        <div
                            className="ui input"
                        >
                            <input
                                name="name"
                                onChange={[Function]}
                                placeholder="awesome project"
                                type="text"
                                value=""
                            />
                        </div>
                    </Input>
                </div>
            </FormField>
        </FormInput>
        <Button
            animated={true}
            as="button"
            color="teal"
            onClick={[Function]}
            role="button"
        >
            <button
                className="ui teal animated button"
                onClick={[Function]}
                role="button"
            >
                <ButtonContent
                    visible={true}
                >
                    <div
                        className="visible content"
                    >
                        Add
                    </div>
                </ButtonContent>
                <ButtonContent
                    hidden={true}
                >
                    <div
                        className="hidden content"
                    >
                        <Icon
                            as="i"
                            name="right arrow"
                        >
                            <i
                                aria-hidden="true"
                                className="right arrow icon"
                            />
                        </Icon>
                    </div>
                </ButtonContent>
            </button>
        </Button>
    </form>
</Form>,
  <form
    className="ui form"
    data-test="newProject"
    onSubmit={[Function]}
>
    <FormInput
        as={[Function]}
        control={[Function]}
        label="New project name"
        name="name"
        onChange={[Function]}
        placeholder="awesome project"
        type="text"
        value=""
    >
        <FormField
            control={[Function]}
            label="New project name"
            name="name"
            onChange={[Function]}
            placeholder="awesome project"
            type="text"
            value=""
        >
            <div
                className="field"
            >
                <label>
                    New project name
                </label>
                <Input
                    name="name"
                    onChange={[Function]}
                    placeholder="awesome project"
                    type="text"
                    value=""
                >
                    <div
                        className="ui input"
                    >
                        <input
                            name="name"
                            onChange={[Function]}
                            placeholder="awesome project"
                            type="text"
                            value=""
                        />
                    </div>
                </Input>
            </div>
        </FormField>
    </FormInput>
    <Button
        animated={true}
        as="button"
        color="teal"
        onClick={[Function]}
        role="button"
    >
        <button
            className="ui teal animated button"
            onClick={[Function]}
            role="button"
        >
            <ButtonContent
                visible={true}
            >
                <div
                    className="visible content"
                >
                    Add
                </div>
            </ButtonContent>
            <ButtonContent
                hidden={true}
            >
                <div
                    className="hidden content"
                >
                    <Icon
                        as="i"
                        name="right arrow"
                    >
                        <i
                            aria-hidden="true"
                            className="right arrow icon"
                        />
                    </Icon>
                </div>
            </ButtonContent>
        </button>
    </Button>
</form>,
]
`;
