// Jest Snapshot v1, https://goo.gl/fbAQLP

exports[`Projects renders correctly 1`] = `
Array [
  <styled.section
    data-test="project"
>
    <section
        className="sc-bdVaJa fmkqYI"
        data-test="project"
    >
        <div>
            <h2>
                MyProject
            </h2>
            <Component
                projectId="cjcp94wxp025801100npb28yg"
            >
                <div>
                    MockedChange
                </div>
            </Component>
        </div>
    </section>
</styled.section>,
  <section
    className="sc-bdVaJa fmkqYI"
    data-test="project"
>
    <div>
        <h2>
            MyProject
        </h2>
        <Component
            projectId="cjcp94wxp025801100npb28yg"
        >
            <div>
                MockedChange
            </div>
        </Component>
    </div>
</section>,
]
`;
