// Jest Snapshot v1, https://goo.gl/fbAQLP

exports[` 1`] = `
Object {
  "context": [Function],
  "resolverValidationOptions": Object {
    "requireResolversForResolveType": false,
  },
  "resolvers": Object {
    "AuthPayload": Object {
      "user": [Function],
    },
    "Mutation": Object {
      "addChange": [Function],
      "addProjectMember": [Function],
      "addTeamMember": [Function],
      "createProject": [Function],
      "createTeam": [Function],
      "login": [Function],
      "signup": [Function],
      "updateChange": [Function],
    },
    "Query": Object {
      "change": [Function],
      "changes": [Function],
      "me": [Function],
      "project": [Function],
      "projects": [Function],
      "team": [Function],
      "teams": [Function],
    },
  },
  "typeDefs": "./src/schema.graphql",
}
`;
